[>>][6a9fd6b1b6936411660214][DEFAULT][/testlink/install/installCheck.php][26/Sep/8 09:34:41]
[<<][6a9fd6b1b6936411660214][DEFAULT][/testlink/install/installCheck.php][26/Sep/8 09:34:41][26/Sep/8 09:34:41][took 0.067582 secs]
[>>][6a9fd8c3eb020175310299][DEFAULT][/testlink/install/installNewDB.php][26/Sep/8 09:43:31]
	[26/Sep/8 09:43:32][ERROR][<nosession>][DATABASE]
		ERROR ON exec_query() - database.class.php <br />1030 - Got error 176 "Read page with wrong checksum" from storage engine Aria - GRANT SELECT, UPDATE, DELETE, INSERT ON 
           `testlink`.* TO 'root'@'localhost' 
            WITH GRANT OPTION <br />THE MESSAGE : GRANT SELECT, UPDATE, DELETE, INSERT ON 
           `testlink`.* TO 'root'@'localhost' 
            WITH GRANT OPTION 
Query failed: errorcode[1030]
	errormsg:Got error 176 "Read page with wrong checksum" from storage engine Aria 
[<<][6a9fd8c3eb020175310299][DEFAULT][/testlink/install/installNewDB.php][26/Sep/8 09:43:31][26/Sep/8 09:43:32][took 0.081462 secs]
[>>][6a9fd8ed5c3c3992116634][DEFAULT][/testlink/install/installNewDB.php][26/Sep/8 09:44:13]
[<<][6a9fd8ed5c3c3992116634][DEFAULT][/testlink/install/installNewDB.php][26/Sep/8 09:44:13][26/Sep/8 09:44:14][took 1.064306 secs]
[>>][6a9fd9afa45aa570206190][DEFAULT][/testlink/login.php][26/Sep/8 09:47:27]
	[26/Sep/8 09:47:27][ERROR][<nosession>][GUI]
		 Connect to database testlink on Host localhost fails  :: DBMS Error Message: 1045 - Access denied for user 'root'@'localhost' (using password: YES) :: Redirection to connection fail screen.
[<<][6a9fd9afa45aa570206190][DEFAULT][/testlink/login.php][26/Sep/8 09:47:27][26/Sep/8 09:47:28][took 0.677295 secs]
[>>][6a9fd9cbae750366714360][DEFAULT][/testlink/install/installNewDB.php][26/Sep/8 09:47:55]
[<<][6a9fd9cbae750366714360][DEFAULT][/testlink/install/installNewDB.php][26/Sep/8 09:47:55][26/Sep/8 09:47:55][took 0.065118 secs]
[>>][6a9fd9d5cdb1c005686530][DEFAULT][/testlink/login.php][26/Sep/8 09:48:05]
	[26/Sep/8 09:48:05][ERROR][<nosession>][GUI]
		 Connect to database testlink on Host localhost fails  :: DBMS Error Message: 1045 - Access denied for user 'root'@'localhost' (using password: YES) :: Redirection to connection fail screen.
[<<][6a9fd9d5cdb1c005686530][DEFAULT][/testlink/login.php][26/Sep/8 09:48:05][26/Sep/8 09:48:05][took 0.087743 secs]
[>>][6a9fdb82a285a718321953][DEFAULT][/testlink/install/installCheck.php][26/Sep/8 09:55:14]
[<<][6a9fdb82a285a718321953][DEFAULT][/testlink/install/installCheck.php][26/Sep/8 09:55:14][26/Sep/8 09:55:14][took 0.060271 secs]
[>>][6a9fdba696b0b126728840][DEFAULT][/testlink/install/installNewDB.php][26/Sep/8 09:55:50]
[<<][6a9fdba696b0b126728840][DEFAULT][/testlink/install/installNewDB.php][26/Sep/8 09:55:50][26/Sep/8 09:55:50][took 0.071658 secs]
[>>][6a9fdbb160191505453101][DEFAULT][/testlink/install/installNewDB.php][26/Sep/8 09:56:01]
[<<][6a9fdbb160191505453101][DEFAULT][/testlink/install/installNewDB.php][26/Sep/8 09:56:01][26/Sep/8 09:56:01][took 0.059829 secs]
[>>][6a9fdbd698506359753265][DEFAULT][/testlink/install/installNewDB.php][26/Sep/8 09:56:38]
[<<][6a9fdbd698506359753265][DEFAULT][/testlink/install/installNewDB.php][26/Sep/8 09:56:38][26/Sep/8 09:56:39][took 1.240559 secs]
[>>][6a9fdbf71e8fb754216779][DEFAULT][/testlink/login.php][26/Sep/8 09:57:11]
[<<][6a9fdbf71e8fb754216779][DEFAULT][/testlink/login.php][26/Sep/8 09:57:11][26/Sep/8 09:57:11][took 0.059809 secs]
[>>][6a9fdbf72dc61145043163][DEFAULT][/testlink/login.php][26/Sep/8 09:57:11]
[<<][6a9fdbf72dc61145043163][DEFAULT][/testlink/login.php][26/Sep/8 09:57:11][26/Sep/8 09:57:11][took 0.647641 secs]
[>>][6a9fdc18dff57055458987][DEFAULT][/testlink/login.php][26/Sep/8 09:57:44]
[<<][6a9fdc18dff57055458987][DEFAULT][/testlink/login.php][26/Sep/8 09:57:44][26/Sep/8 09:57:44][took 0.059722 secs]
[>>][6a9fdc18ef04c747225187][DEFAULT][/testlink/login.php][26/Sep/8 09:57:44]
[<<][6a9fdc18ef04c747225187][DEFAULT][/testlink/login.php][26/Sep/8 09:57:44][26/Sep/8 09:57:45][took 0.063625 secs]
[>>][6a9fdc1b67949519634003][DEFAULT][/testlink/login.php][26/Sep/8 09:57:47]
[<<][6a9fdc1b67949519634003][DEFAULT][/testlink/login.php][26/Sep/8 09:57:47][26/Sep/8 09:57:47][took 0.058737 secs]
[>>][6a9fdc1b76827008112792][DEFAULT][/testlink/login.php][26/Sep/8 09:57:47]
[<<][6a9fdc1b76827008112792][DEFAULT][/testlink/login.php][26/Sep/8 09:57:47][26/Sep/8 09:57:47][took 0.055307 secs]
[>>][6a9fdc26532e8155837674][DEFAULT][/testlink/login.php][26/Sep/8 09:57:58]
[<<][6a9fdc26532e8155837674][DEFAULT][/testlink/login.php][26/Sep/8 09:57:58][26/Sep/8 09:57:58][took 0.069041 secs]
[>>][6a9fdc26649b1969128640][DEFAULT][/testlink/login.php][26/Sep/8 09:57:58]
[<<][6a9fdc26649b1969128640][DEFAULT][/testlink/login.php][26/Sep/8 09:57:58][26/Sep/8 09:57:58][took 0.163532 secs]
[>>][6a9fdc268d6c4792166630][DEFAULT][/testlink/login.php][26/Sep/8 09:57:58]
[>>][6a9fdc26c1095454444918][DEFAULT][/testlink/index.php][26/Sep/8 09:57:58]
[>>][6a9fdc2722056408981737][DEFAULT][/testlink/lib/general/navBar.php][26/Sep/8 09:57:59]
[>>][6a9fdc2726175073740806][DEFAULT][/testlink/lib/general/mainPage.php][26/Sep/8 09:57:59]
[>>][6a9fdc27ebcbb182586115][DEFAULT][/testlink/lib/project/projectEdit.php][26/Sep/8 09:57:59]
[>>][6a9fdc743817c955149206][DEFAULT][/testlink/lib/project/projectView.php][26/Sep/8 09:59:16]
[>>][6a9fdd1bb3976693467772][DEFAULT][/testlink/index.php][26/Sep/8 10:02:03]
[>>][6a9fdd1bdf3a1040622418][DEFAULT][/testlink/lib/general/navBar.php][26/Sep/8 10:02:03]
[>>][6a9fdd1be1f1c117374950][DEFAULT][/testlink/lib/general/mainPage.php][26/Sep/8 10:02:03]
[>>][6a9fdd1c3a8a8745566361][DEFAULT][/testlink/lib/project/projectEdit.php][26/Sep/8 10:02:04]
[>>][6a9fdd1ea0760771951768][DEFAULT][/testlink/lib/project/projectView.php][26/Sep/8 10:02:06]
[>>][6a9fdd20e43c5944340458][DEFAULT][/testlink/index.php][26/Sep/8 10:02:08]
[>>][6a9fdd212c223910600398][DEFAULT][/testlink/lib/general/navBar.php][26/Sep/8 10:02:09]
[>>][6a9fdd212c223312157154][DEFAULT][/testlink/lib/general/mainPage.php][26/Sep/8 10:02:09]
[>>][6a9fdd2177268096350800][DEFAULT][/testlink/lib/project/projectEdit.php][26/Sep/8 10:02:09]
[>>][6a9fdd2caa6bf003501206][DEFAULT][/testlink/lib/project/projectView.php][26/Sep/8 10:02:20]
[>>][6a9fde1a8f820127023157][DEFAULT][/testlink/index.php][26/Sep/8 10:06:18]
[>>][6a9fde1ac36b7230142093][DEFAULT][/testlink/lib/general/navBar.php][26/Sep/8 10:06:18]
[>>][6a9fde1ac46ab172157785][DEFAULT][/testlink/lib/general/mainPage.php][26/Sep/8 10:06:18]
[>>][6a9fde1b2d66d550604143][DEFAULT][/testlink/lib/project/projectEdit.php][26/Sep/8 10:06:19]
[>>][6a9fde1da416c644314010][DEFAULT][/testlink/lib/project/projectView.php][26/Sep/8 10:06:21]
[>>][6a9fde9a65ea2096493441][DEFAULT][/testlink/index.php][26/Sep/8 10:08:26]
[>>][6a9fde9ab5c02164896695][DEFAULT][/testlink/lib/general/navBar.php][26/Sep/8 10:08:26]
[>>][6a9fde9acf476847684769][DEFAULT][/testlink/lib/general/mainPage.php][26/Sep/8 10:08:26]
[>>][6a9fde9b29f24922091243][DEFAULT][/testlink/lib/project/projectEdit.php][26/Sep/8 10:08:27]
[>>][6a9fde9d3b66b166499414][DEFAULT][/testlink/lib/project/projectView.php][26/Sep/8 10:08:29]
[>>][6a9fdf3c50e5e638002039][DEFAULT][/testlink/index.php][26/Sep/8 10:11:08]
[>>][6a9fdf3c6ce78091118686][DEFAULT][/testlink/lib/general/navBar.php][26/Sep/8 10:11:08]
[>>][6a9fdf3c6e585135983926][DEFAULT][/testlink/lib/general/mainPage.php][26/Sep/8 10:11:08]
[>>][6a9fdf3c9649c393222854][DEFAULT][/testlink/lib/project/projectEdit.php][26/Sep/8 10:11:08]
[>>][6a9fdf3e79e61439679832][DEFAULT][/testlink/lib/project/projectView.php][26/Sep/8 10:11:10]
[>>][6a9fdf8fa6150838227012][DEFAULT][/testlink/logout.php][26/Sep/8 10:12:31]
[<<][6a9fdf8fb9a4e825840769][DEFAULT][/testlink/logout.php][26/Sep/8 10:12:31][26/Sep/8 10:12:31][took 0.009704 secs]
[>>][6a9fdf8fd470e676935877][DEFAULT][/testlink/login.php][26/Sep/8 10:12:31]
[<<][6a9fdf8fd470e676935877][DEFAULT][/testlink/login.php][26/Sep/8 10:12:31][26/Sep/8 10:12:31][took 0.080912 secs]
[>>][6a9fdf8fe8c7f550685919][DEFAULT][/testlink/login.php][26/Sep/8 10:12:31]
[<<][6a9fdf8fe8c7f550685919][DEFAULT][/testlink/login.php][26/Sep/8 10:12:31][26/Sep/8 10:12:32][took 0.18499 secs]
[>>][6a9fdf91bb73c306297603][DEFAULT][/testlink/login.php][26/Sep/8 10:12:33]
[<<][6a9fdf91bb73c306297603][DEFAULT][/testlink/login.php][26/Sep/8 10:12:33][26/Sep/8 10:12:33][took 0.062847 secs]
[>>][6a9fdf91cb741610306955][DEFAULT][/testlink/login.php][26/Sep/8 10:12:33]
[<<][6a9fdf91cb741610306955][DEFAULT][/testlink/login.php][26/Sep/8 10:12:33][26/Sep/8 10:12:34][took 0.248923 secs]
[>>][6a9fdf9214a7f603167624][DEFAULT][/testlink/login.php][26/Sep/8 10:12:34]
[>>][6a9fdf92367d1706931952][DEFAULT][/testlink/index.php][26/Sep/8 10:12:34]
[>>][6a9fdf9260056053353640][DEFAULT][/testlink/lib/general/navBar.php][26/Sep/8 10:12:34]
[>>][6a9fdf926009b111446863][DEFAULT][/testlink/lib/general/mainPage.php][26/Sep/8 10:12:34]
[>>][6a9fdf92a16f6980055663][DEFAULT][/testlink/lib/project/projectEdit.php][26/Sep/8 10:12:34]
[>>][6a9fdfa568f88445243544][DEFAULT][/testlink/lib/project/projectEdit.php][26/Sep/8 10:12:53]
[>>][6a9fdfa72e590040894807][DEFAULT][/testlink/lib/general/navBar.php][26/Sep/8 10:12:55]
[>>][6a9fdfa7677ba632821311][DEFAULT][/testlink/lib/general/mainPage.php][26/Sep/8 10:12:55]
[>>][6a9fdffb62de2515444927][DEFAULT][/testlink/lib/usermanagement/userInfo.php][26/Sep/8 10:14:19]
[>>][6a9fdffdbed51444560437][DEFAULT][/testlink/lib/usermanagement/userInfo.php][26/Sep/8 10:14:21]
[>>][6a9fe0147e7dc518310221][DEFAULT][/testlink/lib/usermanagement/userInfo.php][26/Sep/8 10:14:44]
[>>][6a9fe046188a6486185299][DEFAULT][/testlink/lib/usermanagement/userInfo.php][26/Sep/8 10:15:34]
[>>][6a9fe0482c79c662703451][DEFAULT][/testlink/lib/general/mainPage.php][26/Sep/8 10:15:36]
[>>][6a9fe04cb5c24949540715][DEFAULT][/testlink/lib/plan/planView.php][26/Sep/8 10:15:40]
[>>][6a9fe0506427e914104728][DEFAULT][/testlink/lib/general/mainPage.php][26/Sep/8 10:15:44]
[>>][6a9fe05212e81723784551][DEFAULT][/lib/issuetrackers/issueTrackerView.php][26/Sep/8 10:15:46]
[>>][6a9fe054aad21633628941][DEFAULT][/testlink/lib/general/mainPage.php][26/Sep/8 10:15:48]
[>>][6a9fe057e050e821236955][DEFAULT][/testlink/lib/project/projectView.php][26/Sep/8 10:15:51]
